// Jest Snapshot v1, https://goo.gl/fbAQLP

exports[`shows a star for each log in logCount 1`] = `
initialize {
  "0": Object {
    "attribs": Object {},
    "children": Array [
      Object {
        "attribs": Object {},
        "children": Array [
          Object {
            "attribs": Object {},
            "children": Array [
              Object {
                "attribs": Object {
                  "class": "routinely--ActivityDayCol-0",
                },
                "children": Array [
                  Object {
                    "attribs": Object {
                      "class": "routinely--LogStar fa fa-star",
                    },
                    "children": Array [],
                    "name": "i",
                    "namespace": "http://www.w3.org/1999/xhtml",
                    "next": Object {
                      "attribs": Object {
                        "class": "routinely--LogStar fa fa-star",
                      },
                      "children": Array [],
                      "name": "i",
                      "namespace": "http://www.w3.org/1999/xhtml",
                      "next": null,
                      "parent": [Circular],
                      "prev": [Circular],
                      "type": "tag",
                      "x-attribsNamespace": Object {
                        "class": undefined,
                      },
                      "x-attribsPrefix": Object {
                        "class": undefined,
                      },
                    },
                    "parent": [Circular],
                    "prev": null,
                    "type": "tag",
                    "x-attribsNamespace": Object {
                      "class": undefined,
                    },
                    "x-attribsPrefix": Object {
                      "class": undefined,
                    },
                  },
                  Object {
                    "attribs": Object {
                      "class": "routinely--LogStar fa fa-star",
                    },
                    "children": Array [],
                    "name": "i",
                    "namespace": "http://www.w3.org/1999/xhtml",
                    "next": null,
                    "parent": [Circular],
                    "prev": Object {
                      "attribs": Object {
                        "class": "routinely--LogStar fa fa-star",
                      },
                      "children": Array [],
                      "name": "i",
                      "namespace": "http://www.w3.org/1999/xhtml",
                      "next": [Circular],
                      "parent": [Circular],
                      "prev": null,
                      "type": "tag",
                      "x-attribsNamespace": Object {
                        "class": undefined,
                      },
                      "x-attribsPrefix": Object {
                        "class": undefined,
                      },
                    },
                    "type": "tag",
                    "x-attribsNamespace": Object {
                      "class": undefined,
                    },
                    "x-attribsPrefix": Object {
                      "class": undefined,
                    },
                  },
                ],
                "name": "td",
                "namespace": "http://www.w3.org/1999/xhtml",
                "next": null,
                "parent": [Circular],
                "prev": null,
                "type": "tag",
                "x-attribsNamespace": Object {
                  "class": undefined,
                },
                "x-attribsPrefix": Object {
                  "class": undefined,
                },
              },
            ],
            "name": "tr",
            "namespace": "http://www.w3.org/1999/xhtml",
            "next": null,
            "parent": [Circular],
            "prev": null,
            "type": "tag",
            "x-attribsNamespace": Object {},
            "x-attribsPrefix": Object {},
          },
        ],
        "name": "tbody",
        "namespace": "http://www.w3.org/1999/xhtml",
        "next": null,
        "parent": [Circular],
        "prev": null,
        "type": "tag",
        "x-attribsNamespace": Object {},
        "x-attribsPrefix": Object {},
      },
    ],
    "name": "table",
    "namespace": "http://www.w3.org/1999/xhtml",
    "next": null,
    "parent": null,
    "prev": null,
    "root": Object {
      "attribs": Object {},
      "children": Array [
        [Circular],
      ],
      "name": "root",
      "namespace": "http://www.w3.org/1999/xhtml",
      "next": null,
      "parent": null,
      "prev": null,
      "type": "root",
      "x-attribsNamespace": Object {},
      "x-attribsPrefix": Object {},
    },
    "type": "tag",
    "x-attribsNamespace": Object {},
    "x-attribsPrefix": Object {},
  },
  "_root": [Circular],
  "length": 1,
  "options": Object {
    "decodeEntities": true,
    "normalizeWhitespace": false,
    "withDomLvl1": true,
    "xml": false,
  },
}
`;
